// Vitest Snapshot v1, https://vitest.dev/guide/snapshot.html

exports[`Check PostgresStore instance > should bundle without error 1`] = `
"import { Mastra } from '@@mastra/cli/cli/core/@mastra/cli/cli';
import { createLogger } from '@@mastra/cli/cli/core/logger';
import { weatherAgent } from '@/agents';
import { TestDeployer } from '@@mastra/cli/cli/deployer/test';
import { createApiRoute } from '@@mastra/cli/cli/core/server';
import { PostgresStore } from '@@mastra/cli/cli/pg';

const @mastra/cli/cli = new Mastra({
  agents: {
    weatherAgent
  },
  storage: new PostgresStore({
    connectionString: process.env.DATABASE_URL
  }),
  logger: createLogger({
    name: "Mastra",
    level: "info"
  }),
  telemetry: {
    enabled: true,
    serviceName: "my-app",
    export: {
      type: "otlp",
      endpoint: "http://localhost:4318"
      // SigNoz local endpoint
    }
  },
  server: {
    port: 3e3,
    timeout: 5e3,
    apiRoutes: [createApiRoute({
      path: "/hello",
      method: "get",
      handler: async (req, res) => {
        res.send("Hello World");
      }
    })]
  },
  deployer: new TestDeployer()
});

export { @mastra/cli/cli };
"
`;
